// Jest Snapshot v1, https://goo.gl/fbAQLP

exports[`VDatePickerTitle.ts should render component and match snapshot 1`] = `

<div class="v-date-picker-title">
  <div class="v-picker__title__btn v-date-picker-title__year">
    2005
  </div>
  <div class="v-picker__title__btn v-date-picker-title__date v-picker__title__btn--active">
    <div>
      11-01
    </div>
  </div>
</div>

`;

exports[`VDatePickerTitle.ts should render component when selecting year and match snapshot 1`] = `

<div class="v-date-picker-title">
  <div class="v-picker__title__btn v-date-picker-title__year v-picker__title__btn--active">
    2005
  </div>
  <div class="v-picker__title__btn v-date-picker-title__date">
    <div>
      11-01
    </div>
  </div>
</div>

`;

exports[`VDatePickerTitle.ts should render disabled component and match snapshot 1`] = `

<div class="v-date-picker-title v-date-picker-title--disabled">
  <div class="v-picker__title__btn v-date-picker-title__year">
    2005
  </div>
  <div class="v-picker__title__btn v-date-picker-title__date v-picker__title__btn--active">
    <div>
      11-01
    </div>
  </div>
</div>

`;

exports[`VDatePickerTitle.ts should render readonly component and match snapshot 1`] = `

<div class="v-date-picker-title">
  <div class="v-picker__title__btn v-date-picker-title__year">
    2005
  </div>
  <div class="v-picker__title__btn v-date-picker-title__date v-picker__title__btn--active">
    <div>
      11-01
    </div>
  </div>
</div>

`;

exports[`VDatePickerTitle.ts should render year icon 1`] = `

<div class="v-date-picker-title">
  <div class="v-picker__title__btn v-date-picker-title__year">
    2005
    <i aria-hidden="true"
       class="v-icon material-icons theme--dark"
       style="font-size: 16px;"
    >
      year
    </i>
  </div>
  <div class="v-picker__title__btn v-date-picker-title__date v-picker__title__btn--active">
    <div>
      11-01
    </div>
  </div>
</div>

`;
